flower: L=7.14561 N=291 spacing 0.02454 (CV 1.80e-03)
step    0: P 7.08578 circ 0.4680 dA +0.00e+00 max_s 3.22e-03 (1.5s/step)
step   25: P 6.91618 circ 0.4906 dA -1.22e-03 max_s 6.75e-04 (1.0s/step)
step   50: P 6.80572 circ 0.5066 dA -1.48e-03 max_s 4.59e-04 (1.0s/step)
step   75: P 6.71180 circ 0.5208 dA -1.60e-03 max_s 3.66e-04 (1.1s/step)
step  100: P 6.62467 circ 0.5345 dA -1.67e-03 max_s 3.15e-04 (1.2s/step)
step  125: P 6.54099 circ 0.5483 dA -1.73e-03 max_s 2.84e-04 (1.2s/step)
step  150: P 6.45950 circ 0.5621 dA -1.77e-03 max_s 2.65e-04 (1.2s/step)
step  175: P 6.37972 circ 0.5763 dA -1.80e-03 max_s 2.52e-04 (1.1s/step)
step  200: P 6.30144 circ 0.5907 dA -1.83e-03 max_s 2.43e-04 (1.1s/step)
step  225: P 6.22456 circ 0.6053 dA -1.86e-03 max_s 2.36e-04 (1.1s/step)
step  250: P 6.14909 circ 0.6203 dA -1.88e-03 max_s 2.30e-04 (1.1s/step)
step  275: P 6.07504 circ 0.6355 dA -1.90e-03 max_s 2.26e-04 (1.1s/step)
step  300: P 6.00248 circ 0.6509 dA -1.92e-03 max_s 2.22e-04 (1.1s/step)
step  325: P 5.93152 circ 0.6666 dA -1.94e-03 max_s 2.18e-04 (1.1s/step)
step  350: P 5.86227 circ 0.6824 dA -1.96e-03 max_s 2.18e-04 (1.0s/step)
step  375: P 5.79486 circ 0.6983 dA -1.98e-03 max_s 2.21e-04 (1.0s/step)
step  400: P 5.72942 circ 0.7144 dA -2.00e-03 max_s 2.23e-04 (1.0s/step)
step  425: P 5.66610 circ 0.7304 dA -2.02e-03 max_s 2.24e-04 (1.0s/step)
step  450: P 5.60504 circ 0.7464 dA -2.05e-03 max_s 2.24e-04 (1.0s/step)
step  475: P 5.54637 circ 0.7622 dA -2.08e-03 max_s 2.23e-04 (1.0s/step)
step  500: P 5.49022 circ 0.7779 dA -2.11e-03 max_s 2.22e-04 (1.0s/step)
step  525: P 5.43671 circ 0.7933 dA -2.15e-03 max_s 2.19e-04 (1.0s/step)
step  550: P 5.38592 circ 0.8083 dA -2.18e-03 max_s 2.16e-04 (1.0s/step)
step  575: P 5.33795 circ 0.8228 dA -2.21e-03 max_s 2.12e-04 (1.0s/step)
step  600: P 5.29283 circ 0.8369 dA -2.25e-03 max_s 2.08e-04 (1.0s/step)
step  625: P 5.25059 circ 0.8504 dA -2.28e-03 max_s 2.02e-04 (1.0s/step)
step  650: P 5.21123 circ 0.8632 dA -2.31e-03 max_s 1.97e-04 (1.0s/step)
step  675: P 5.17473 circ 0.8754 dA -2.34e-03 max_s 1.91e-04 (1.0s/step)
step  700: P 5.14102 circ 0.8869 dA -2.36e-03 max_s 1.84e-04 (1.0s/step)
step  725: P 5.11003 circ 0.8977 dA -2.38e-03 max_s 1.77e-04 (1.0s/step)
step  750: P 5.08165 circ 0.9077 dA -2.40e-03 max_s 1.70e-04 (1.0s/step)
step  775: P 5.05578 circ 0.9170 dA -2.42e-03 max_s 1.63e-04 (1.0s/step)
step  800: P 5.03227 circ 0.9256 dA -2.43e-03 max_s 1.56e-04 (1.0s/step)
step  825: P 5.01099 circ 0.9335 dA -2.44e-03 max_s 1.49e-04 (0.9s/step)
step  850: P 4.99179 circ 0.9407 dA -2.45e-03 max_s 1.42e-04 (0.9s/step)
step  875: P 4.97452 circ 0.9472 dA -2.45e-03 max_s 1.35e-04 (0.9s/step)
step  900: P 4.95903 circ 0.9531 dA -2.46e-03 max_s 1.28e-04 (0.9s/step)
step  925: P 4.94517 circ 0.9585 dA -2.46e-03 max_s 1.21e-04 (0.9s/step)
step  950: P 4.93281 circ 0.9633 dA -2.46e-03 max_s 1.14e-04 (0.9s/step)
step  975: P 4.92179 circ 0.9676 dA -2.46e-03 max_s 1.08e-04 (0.9s/step)
step 1000: P 4.91200 circ 0.9715 dA -2.45e-03 max_s 1.02e-04 (0.9s/step)
step 1025: P 4.90332 circ 0.9749 dA -2.45e-03 max_s 9.61e-05 (0.9s/step)
step 1050: P 4.89562 circ 0.9780 dA -2.45e-03 max_s 9.05e-05 (0.9s/step)
step 1075: P 4.88882 circ 0.9807 dA -2.44e-03 max_s 8.51e-05 (0.9s/step)
step 1100: P 4.88281 circ 0.9831 dA -2.44e-03 max_s 8.00e-05 (1.0s/step)
step 1125: P 4.87750 circ 0.9853 dA -2.43e-03 max_s 7.52e-05 (1.0s/step)
step 1150: P 4.87283 circ 0.9872 dA -2.42e-03 max_s 7.06e-05 (1.0s/step)
step 1175: P 4.86871 circ 0.9889 dA -2.42e-03 max_s 6.62e-05 (1.0s/step)
step 1200: P 4.86508 circ 0.9903 dA -2.41e-03 max_s 6.21e-05 (1.0s/step)
step 1225: P 4.86190 circ 0.9917 dA -2.40e-03 max_s 5.82e-05 (1.0s/step)
step 1250: P 4.85910 circ 0.9928 dA -2.40e-03 max_s 5.46e-05 (1.0s/step)
step 1275: P 4.85664 circ 0.9938 dA -2.39e-03 max_s 5.11e-05 (1.0s/step)
step 1300: P 4.85448 circ 0.9947 dA -2.38e-03 max_s 4.79e-05 (1.0s/step)
step 1325: P 4.85258 circ 0.9955 dA -2.38e-03 max_s 4.49e-05 (0.9s/step)
step 1350: P 4.85092 circ 0.9962 dA -2.37e-03 max_s 4.20e-05 (0.9s/step)
step 1375: P 4.84946 circ 0.9968 dA -2.37e-03 max_s 3.93e-05 (0.9s/step)
step 1400: P 4.84818 circ 0.9973 dA -2.36e-03 max_s 3.68e-05 (0.9s/step)
step 1425: P 4.84706 circ 0.9978 dA -2.35e-03 max_s 3.44e-05 (0.9s/step)
step 1450: P 4.84608 circ 0.9982 dA -2.35e-03 max_s 3.22e-05 (0.9s/step)
step 1475: P 4.84522 circ 0.9986 dA -2.34e-03 max_s 3.02e-05 (0.9s/step)
step 1500: P 4.84446 circ 0.9989 dA -2.34e-03 max_s 2.82e-05 (0.9s/step)
step 1525: P 4.84381 circ 0.9991 dA -2.33e-03 max_s 2.64e-05 (0.9s/step)
step 1550: P 4.84323 circ 0.9994 dA -2.33e-03 max_s 2.47e-05 (0.9s/step)
step 1575: P 4.84272 circ 0.9996 dA -2.32e-03 max_s 2.31e-05 (0.9s/step)
step 1600: P 4.84228 circ 0.9998 dA -2.32e-03 max_s 2.16e-05 (0.9s/step)
step 1625: P 4.84189 circ 1.0000 dA -2.32e-03 max_s 2.02e-05 (0.9s/step)
step 1650: P 4.84155 circ 1.0001 dA -2.31e-03 max_s 1.89e-05 (0.9s/step)
step 1675: P 4.84125 circ 1.0002 dA -2.31e-03 max_s 1.77e-05 (0.9s/step)
step 1700: P 4.84099 circ 1.0003 dA -2.30e-03 max_s 1.65e-05 (0.9s/step)
step 1725: P 4.84077 circ 1.0004 dA -2.30e-03 max_s 1.55e-05 (0.9s/step)
step 1750: P 4.84057 circ 1.0005 dA -2.30e-03 max_s 1.45e-05 (0.9s/step)
step 1775: P 4.84039 circ 1.0006 dA -2.30e-03 max_s 1.35e-05 (0.9s/step)
step 1800: P 4.84024 circ 1.0007 dA -2.29e-03 max_s 1.27e-05 (0.9s/step)
step 1825: P 4.84011 circ 1.0007 dA -2.29e-03 max_s 1.18e-05 (0.9s/step)
step 1850: P 4.83999 circ 1.0008 dA -2.29e-03 max_s 1.11e-05 (0.9s/step)
step 1875: P 4.83989 circ 1.0008 dA -2.29e-03 max_s 1.04e-05 (0.9s/step)
step 1900: P 4.83980 circ 1.0009 dA -2.28e-03 max_s 9.69e-06 (0.9s/step)
step 1925: P 4.83972 circ 1.0009 dA -2.28e-03 max_s 9.06e-06 (0.9s/step)
step 1950: P 4.83965 circ 1.0009 dA -2.28e-03 max_s 8.47e-06 (0.9s/step)
step 1975: P 4.83959 circ 1.0009 dA -2.28e-03 max_s 7.92e-06 (0.9s/step)
step 2000: P 4.83954 circ 1.0010 dA -2.28e-03 max_s 7.41e-06 (0.9s/step)
step 2025: P 4.83949 circ 1.0010 dA -2.27e-03 max_s 6.93e-06 (0.9s/step)
step 2050: P 4.83945 circ 1.0010 dA -2.27e-03 max_s 6.48e-06 (0.9s/step)
step 2075: P 4.83942 circ 1.0010 dA -2.27e-03 max_s 6.06e-06 (0.9s/step)
step 2100: P 4.83939 circ 1.0010 dA -2.27e-03 max_s 5.67e-06 (0.9s/step)
step 2125: P 4.83936 circ 1.0010 dA -2.27e-03 max_s 5.30e-06 (0.9s/step)
step 2150: P 4.83934 circ 1.0011 dA -2.27e-03 max_s 4.96e-06 (0.9s/step)
step 2175: P 4.83932 circ 1.0011 dA -2.27e-03 max_s 4.64e-06 (0.9s/step)
step 2200: P 4.83930 circ 1.0011 dA -2.27e-03 max_s 4.34e-06 (0.9s/step)
step 2225: P 4.83928 circ 1.0011 dA -2.26e-03 max_s 4.06e-06 (0.9s/step)
step 2250: P 4.83927 circ 1.0011 dA -2.26e-03 max_s 3.80e-06 (0.9s/step)
step 2275: P 4.83926 circ 1.0011 dA -2.26e-03 max_s 3.55e-06 (0.9s/step)
step 2300: P 4.83925 circ 1.0011 dA -2.26e-03 max_s 3.32e-06 (0.9s/step)
step 2325: P 4.83924 circ 1.0011 dA -2.26e-03 max_s 3.10e-06 (0.9s/step)
step 2350: P 4.83923 circ 1.0011 dA -2.26e-03 max_s 2.90e-06 (0.9s/step)
step 2375: P 4.83922 circ 1.0011 dA -2.26e-03 max_s 2.72e-06 (0.9s/step)
step 2400: P 4.83921 circ 1.0011 dA -2.26e-03 max_s 2.54e-06 (0.9s/step)
step 2425: P 4.83921 circ 1.0011 dA -2.26e-03 max_s 2.38e-06 (0.9s/step)
step 2450: P 4.83920 circ 1.0011 dA -2.26e-03 max_s 2.22e-06 (0.9s/step)
step 2475: P 4.83920 circ 1.0011 dA -2.26e-03 max_s 2.08e-06 (0.9s/step)
step 2500: P 4.83920 circ 1.0011 dA -2.26e-03 max_s 1.94e-06 (0.9s/step)
step 2525: P 4.83919 circ 1.0011 dA -2.26e-03 max_s 1.82e-06 (0.9s/step)
step 2550: P 4.83919 circ 1.0011 dA -2.26e-03 max_s 1.70e-06 (0.9s/step)
step 2575: P 4.83919 circ 1.0011 dA -2.26e-03 max_s 1.59e-06 (0.9s/step)
step 2600: P 4.83919 circ 1.0011 dA -2.26e-03 max_s 1.49e-06 (0.9s/step)
step 2625: P 4.83918 circ 1.0011 dA -2.26e-03 max_s 1.39e-06 (0.9s/step)
step 2650: P 4.83918 circ 1.0011 dA -2.25e-03 max_s 1.30e-06 (0.9s/step)
step 2675: P 4.83918 circ 1.0011 dA -2.25e-03 max_s 1.22e-06 (0.9s/step)
step 2700: P 4.83918 circ 1.0011 dA -2.25e-03 max_s 1.14e-06 (0.9s/step)
step 2725: P 4.83918 circ 1.0011 dA -2.25e-03 max_s 1.06e-06 (0.9s/step)
step 2750: P 4.83918 circ 1.0011 dA -2.25e-03 max_s 9.96e-07 (0.9s/step)
step 2775: P 4.83918 circ 1.0011 dA -2.25e-03 max_s 9.31e-07 (0.9s/step)
step 2800: P 4.83918 circ 1.0011 dA -2.25e-03 max_s 8.71e-07 (0.9s/step)
step 2825: P 4.83918 circ 1.0011 dA -2.25e-03 max_s 8.15e-07 (0.9s/step)
step 2850: P 4.83918 circ 1.0011 dA -2.25e-03 max_s 7.62e-07 (0.9s/step)
step 2875: P 4.83917 circ 1.0011 dA -2.25e-03 max_s 7.13e-07 (0.9s/step)
step 2900: P 4.83917 circ 1.0011 dA -2.25e-03 max_s 6.67e-07 (0.9s/step)
step 2925: P 4.83917 circ 1.0011 dA -2.25e-03 max_s 6.24e-07 (0.9s/step)
step 2950: P 4.83917 circ 1.0011 dA -2.25e-03 max_s 5.83e-07 (0.9s/step)
step 2975: P 4.83917 circ 1.0011 dA -2.25e-03 max_s 5.46e-07 (0.9s/step)
step 3000: P 4.83917 circ 1.0011 dA -2.25e-03 max_s 5.10e-07 (0.9s/step)
step 3025: P 4.83917 circ 1.0011 dA -2.25e-03 max_s 4.77e-07 (0.9s/step)
step 3050: P 4.83917 circ 1.0011 dA -2.25e-03 max_s 4.46e-07 (0.9s/step)
step 3075: P 4.83917 circ 1.0011 dA -2.25e-03 max_s 4.17e-07 (0.9s/step)
step 3100: P 4.83917 circ 1.0011 dA -2.25e-03 max_s 3.91e-07 (0.9s/step)
step 3125: P 4.83917 circ 1.0011 dA -2.25e-03 max_s 3.65e-07 (0.9s/step)
step 3150: P 4.83917 circ 1.0011 dA -2.25e-03 max_s 3.42e-07 (0.9s/step)
step 3175: P 4.83917 circ 1.0011 dA -2.25e-03 max_s 3.20e-07 (0.9s/step)
step 3200: P 4.83917 circ 1.0011 dA -2.25e-03 max_s 2.99e-07 (0.9s/step)
step 3225: P 4.83917 circ 1.0011 dA -2.25e-03 max_s 2.79e-07 (0.9s/step)
step 3250: P 4.83917 circ 1.0011 dA -2.25e-03 max_s 2.62e-07 (0.9s/step)
step 3275: P 4.83917 circ 1.0011 dA -2.25e-03 max_s 2.45e-07 (0.9s/step)
step 3300: P 4.83917 circ 1.0011 dA -2.25e-03 max_s 2.29e-07 (0.8s/step)
step 3325: P 4.83917 circ 1.0011 dA -2.25e-03 max_s 2.14e-07 (0.8s/step)
step 3350: P 4.83917 circ 1.0011 dA -2.25e-03 max_s 2.00e-07 (0.8s/step)
step 3375: P 4.83917 circ 1.0011 dA -2.25e-03 max_s 1.88e-07 (0.8s/step)
step 3400: P 4.83917 circ 1.0011 dA -2.25e-03 max_s 1.75e-07 (0.8s/step)
step 3425: P 4.83917 circ 1.0011 dA -2.25e-03 max_s 1.64e-07 (0.8s/step)
step 3450: P 4.83917 circ 1.0011 dA -2.25e-03 max_s 1.53e-07 (0.8s/step)
step 3475: P 4.83917 circ 1.0011 dA -2.25e-03 max_s 1.43e-07 (0.8s/step)
step 3500: P 4.83917 circ 1.0011 dA -2.25e-03 max_s 1.34e-07 (0.8s/step)
step 3525: P 4.83917 circ 1.0011 dA -2.25e-03 max_s 1.25e-07 (0.8s/step)
step 3550: P 4.83917 circ 1.0011 dA -2.25e-03 max_s 1.17e-07 (0.8s/step)
step 3575: P 4.83917 circ 1.0011 dA -2.25e-03 max_s 1.10e-07 (0.8s/step)
step 3600: P 4.83917 circ 1.0011 dA -2.25e-03 max_s 1.03e-07 (0.8s/step)
step 3625: P 4.83917 circ 1.0011 dA -2.25e-03 max_s 9.59e-08 (0.8s/step)
step 3650: P 4.83917 circ 1.0011 dA -2.25e-03 max_s 8.98e-08 (0.8s/step)
step 3675: P 4.83917 circ 1.0011 dA -2.25e-03 max_s 8.39e-08 (0.8s/step)
step 3700: P 4.83917 circ 1.0011 dA -2.25e-03 max_s 7.85e-08 (0.8s/step)
step 3725: P 4.83917 circ 1.0011 dA -2.25e-03 max_s 7.35e-08 (0.8s/step)
step 3750: P 4.83917 circ 1.0011 dA -2.25e-03 max_s 6.87e-08 (0.8s/step)
step 3775: P 4.83917 circ 1.0011 dA -2.25e-03 max_s 6.44e-08 (0.8s/step)
step 3800: P 4.83917 circ 1.0011 dA -2.25e-03 max_s 6.02e-08 (0.8s/step)
step 3825: P 4.83917 circ 1.0011 dA -2.25e-03 max_s 5.64e-08 (0.8s/step)
step 3850: P 4.83917 circ 1.0011 dA -2.25e-03 max_s 5.27e-08 (0.8s/step)
step 3875: P 4.83917 circ 1.0011 dA -2.25e-03 max_s 4.93e-08 (0.8s/step)
step 3900: P 4.83917 circ 1.0011 dA -2.25e-03 max_s 4.61e-08 (0.8s/step)
step 3925: P 4.83917 circ 1.0011 dA -2.25e-03 max_s 4.31e-08 (0.8s/step)
step 3950: P 4.83917 circ 1.0011 dA -2.25e-03 max_s 4.03e-08 (0.8s/step)
step 3975: P 4.83917 circ 1.0011 dA -2.25e-03 max_s 3.76e-08 (0.8s/step)
done 4000 steps; stop None; err None
