exact: T_c = 2.034704e-02 (2035 steps), R_eq = R3(T_c) = 0.905539; running 2400 steps, N = 487 (disk 90)
step    0: N=487 C=2 P=11.9197 W=0.0004 conv=True maxs=8.56e-05 proj=0.0e+00 aw=0.47344016822334795 curvP=0.0 (1.2s) r=[0.3500x90 0.5499x141 1.0000x256]
step   25: N=487 C=2 P=11.8989 W=0.0004 conv=True maxs=8.58e-05 proj=0.0e+00 aw=0.47313935695572723 curvP=0.0 (1.4s) r=[0.3500x90 0.5478x141 0.9988x256]
step   50: N=487 C=2 P=11.8781 W=0.0004 conv=True maxs=8.60e-05 proj=0.0e+00 aw=0.4728360052866629 curvP=0.0 (1.4s) r=[0.3500x90 0.5456x141 0.9976x256]
step   75: N=487 C=2 P=11.8573 W=0.0004 conv=True maxs=8.62e-05 proj=0.0e+00 aw=0.472530088801259 curvP=0.0 (1.4s) r=[0.3500x90 0.5435x141 0.9964x256]
step  100: N=487 C=2 P=11.8364 W=0.0004 conv=True maxs=8.64e-05 proj=0.0e+00 aw=0.47222158063272385 curvP=0.0 (1.4s) r=[0.3500x90 0.5413x141 0.9952x256]
step  125: N=487 C=2 P=11.8155 W=0.0004 conv=True maxs=8.66e-05 proj=0.0e+00 aw=0.47191045153318384 curvP=0.0 (1.3s) r=[0.3500x90 0.5392x141 0.9941x256]
step  150: N=487 C=2 P=11.7945 W=0.0004 conv=True maxs=8.68e-05 proj=0.0e+00 aw=0.47159666994562344 curvP=0.0 (1.4s) r=[0.3500x90 0.5370x141 0.9929x256]
step  175: N=487 C=2 P=11.7736 W=0.0004 conv=True maxs=8.70e-05 proj=0.0e+00 aw=0.4712802020768902 curvP=0.0 (1.4s) r=[0.3500x90 0.5348x141 0.9917x256]
step  200: N=487 C=2 P=11.7526 W=0.0004 conv=True maxs=8.72e-05 proj=0.0e+00 aw=0.47096101197172724 curvP=0.0 (1.4s) r=[0.3500x90 0.5326x141 0.9906x256]
step  225: N=487 C=2 P=11.7316 W=0.0004 conv=True maxs=8.74e-05 proj=0.0e+00 aw=0.4706390615878114 curvP=0.0 (1.4s) r=[0.3500x90 0.5305x141 0.9894x256]
step  250: N=487 C=2 P=11.7105 W=0.0004 conv=True maxs=8.76e-05 proj=0.0e+00 aw=0.470314310871791 curvP=0.0 (1.5s) r=[0.3500x90 0.5283x141 0.9882x256]
step  275: N=487 C=2 P=11.6894 W=0.0004 conv=True maxs=8.78e-05 proj=0.0e+00 aw=0.469986717836333 curvP=0.0 (1.4s) r=[0.3500x90 0.5261x141 0.9870x256]
step  300: N=487 C=2 P=11.6683 W=0.0004 conv=True maxs=8.81e-05 proj=0.0e+00 aw=0.46965623863820405 curvP=0.0 (1.4s) r=[0.3500x90 0.5239x141 0.9859x256]
step  325: N=487 C=2 P=11.6472 W=0.0004 conv=True maxs=8.83e-05 proj=0.0e+00 aw=0.46932282765742467 curvP=0.0 (1.4s) r=[0.3500x90 0.5217x141 0.9847x256]
step  350: N=487 C=2 P=11.6260 W=0.0004 conv=True maxs=8.85e-05 proj=0.0e+00 aw=0.46898643757754527 curvP=0.0 (1.4s) r=[0.3500x90 0.5195x141 0.9835x256]
step  375: N=487 C=2 P=11.6048 W=0.0004 conv=True maxs=8.88e-05 proj=0.0e+00 aw=0.4686470194671086 curvP=0.0 (1.4s) r=[0.3500x90 0.5172x141 0.9824x256]
step  400: N=487 C=2 P=11.5835 W=0.0004 conv=True maxs=8.90e-05 proj=0.0e+00 aw=0.4683045228623729 curvP=0.0 (1.4s) r=[0.3500x90 0.5150x141 0.9812x256]
step  425: N=487 C=2 P=11.5622 W=0.0004 conv=True maxs=8.92e-05 proj=0.0e+00 aw=0.46795889585137573 curvP=0.0 (1.4s) r=[0.3500x90 0.5128x141 0.9800x256]
step  450: N=487 C=2 P=11.5409 W=0.0004 conv=True maxs=8.95e-05 proj=0.0e+00 aw=0.46761008515943797 curvP=0.0 (1.4s) r=[0.3500x90 0.5106x141 0.9789x256]
step  475: N=487 C=2 P=11.5196 W=0.0004 conv=True maxs=8.97e-05 proj=0.0e+00 aw=0.4672580362362021 curvP=0.0 (1.3s) r=[0.3500x90 0.5083x141 0.9777x256]
step  500: N=487 C=2 P=11.4982 W=0.0004 conv=True maxs=9.00e-05 proj=0.0e+00 aw=0.4669026933443186 curvP=0.0 (1.4s) r=[0.3500x90 0.5061x141 0.9765x256]
step  525: N=487 C=2 P=11.4768 W=0.0004 conv=True maxs=9.02e-05 proj=0.0e+00 aw=0.46654399964989435 curvP=0.0 (1.4s) r=[0.3500x90 0.5038x141 0.9754x256]
step  550: N=487 C=2 P=11.4553 W=0.0004 conv=True maxs=9.05e-05 proj=0.0e+00 aw=0.4661818973148208 curvP=0.0 (1.4s) r=[0.3500x90 0.5016x141 0.9742x256]
step  575: N=487 C=2 P=11.4338 W=0.0004 conv=True maxs=9.08e-05 proj=0.0e+00 aw=0.4658163275911108 curvP=0.0 (1.4s) r=[0.3500x90 0.4993x141 0.9730x256]
step  600: N=487 C=2 P=11.4122 W=0.0004 conv=True maxs=9.10e-05 proj=0.0e+00 aw=0.46544723091737106 curvP=0.0 (1.4s) r=[0.3500x90 0.4970x141 0.9719x256]
step  625: N=487 C=2 P=11.3907 W=0.0004 conv=True maxs=9.13e-05 proj=0.0e+00 aw=0.4650745470175412 curvP=0.0 (1.4s) r=[0.3500x90 0.4947x141 0.9707x256]
step  650: N=487 C=2 P=11.3690 W=0.0004 conv=True maxs=9.16e-05 proj=0.0e+00 aw=0.4646982150020325 curvP=0.0 (1.4s) r=[0.3500x90 0.4925x141 0.9695x256]
step  675: N=487 C=2 P=11.3473 W=0.0004 conv=True maxs=9.19e-05 proj=0.0e+00 aw=0.46431817347140153 curvP=0.0 (1.4s) r=[0.3500x90 0.4902x141 0.9684x256]
step  700: N=487 C=2 P=11.3256 W=0.0004 conv=True maxs=9.22e-05 proj=0.0e+00 aw=0.46393436062268867 curvP=0.0 (1.4s) r=[0.3500x90 0.4879x141 0.9672x256]
step  725: N=487 C=2 P=11.3039 W=0.0004 conv=True maxs=9.25e-05 proj=0.0e+00 aw=0.4635467143585573 curvP=0.0 (1.4s) r=[0.3500x90 0.4856x141 0.9660x256]
step  750: N=487 C=2 P=11.2821 W=0.0004 conv=True maxs=9.28e-05 proj=0.0e+00 aw=0.4631551723993576 curvP=0.0 (1.4s) r=[0.3500x90 0.4832x141 0.9649x256]
step  775: N=487 C=2 P=11.2602 W=0.0004 conv=True maxs=9.31e-05 proj=0.0e+00 aw=0.4627596723982452 curvP=0.0 (1.4s) r=[0.3500x90 0.4809x141 0.9637x256]
step  800: N=487 C=2 P=11.2383 W=0.0004 conv=True maxs=9.34e-05 proj=0.0e+00 aw=0.4623601520594714 curvP=0.0 (1.4s) r=[0.3500x90 0.4786x141 0.9625x256]
step  825: N=487 C=2 P=11.2164 W=0.0004 conv=True maxs=9.37e-05 proj=0.0e+00 aw=0.4619565492599598 curvP=0.0 (1.4s) r=[0.3500x90 0.4762x141 0.9614x256]
step  850: N=487 C=2 P=11.1944 W=0.0004 conv=True maxs=9.40e-05 proj=0.0e+00 aw=0.46154880217427785 curvP=0.0 (1.4s) r=[0.3500x90 0.4739x141 0.9602x256]
step  875: N=487 C=2 P=11.1723 W=0.0004 conv=True maxs=9.43e-05 proj=0.0e+00 aw=0.46113684940309857 curvP=0.0 (1.4s) r=[0.3500x90 0.4715x141 0.9591x256]
step  900: N=487 C=2 P=11.1502 W=0.0004 conv=True maxs=9.46e-05 proj=0.0e+00 aw=0.4607206301052419 curvP=0.0 (1.4s) r=[0.3500x90 0.4692x141 0.9579x256]
step  925: N=487 C=2 P=11.1281 W=0.0004 conv=True maxs=9.50e-05 proj=0.0e+00 aw=0.4603000841333717 curvP=0.0 (1.3s) r=[0.3500x90 0.4668x141 0.9567x256]
step  950: N=487 C=2 P=11.1059 W=0.0004 conv=True maxs=9.53e-05 proj=0.0e+00 aw=0.4598751521734126 curvP=0.0 (1.4s) r=[0.3500x90 0.4644x141 0.9556x256]
step  975: N=487 C=2 P=11.0836 W=0.0004 conv=True maxs=9.56e-05 proj=0.0e+00 aw=0.459445775887734 curvP=0.0 (1.4s) r=[0.3500x90 0.4620x141 0.9544x256]
step 1000: N=487 C=2 P=11.0613 W=0.0004 conv=True maxs=9.60e-05 proj=0.0e+00 aw=0.4590118980617996 curvP=0.0 (1.5s) r=[0.3500x90 0.4597x141 0.9533x256]
step 1025: N=487 C=2 P=11.0390 W=0.0004 conv=True maxs=9.63e-05 proj=0.0e+00 aw=0.4585734620666583 curvP=0.0 (1.5s) r=[0.3500x90 0.4572x141 0.9521x256]
step 1050: N=487 C=2 P=11.0166 W=0.0004 conv=True maxs=9.67e-05 proj=0.0e+00 aw=0.45813040740684086 curvP=0.0 (1.5s) r=[0.3500x90 0.4548x141 0.9510x256]
step 1075: N=487 C=2 P=10.9941 W=0.0004 conv=True maxs=9.71e-05 proj=0.0e+00 aw=0.4576826668147491 curvP=0.0 (1.5s) r=[0.3500x90 0.4524x141 0.9498x256]
step 1100: N=487 C=2 P=10.9716 W=0.0004 conv=True maxs=9.74e-05 proj=0.0e+00 aw=0.45723016634208197 curvP=0.0 (1.4s) r=[0.3500x90 0.4500x141 0.9486x256]
step 1125: N=487 C=2 P=10.9490 W=0.0005 conv=True maxs=9.78e-05 proj=0.0e+00 aw=0.4567725890715606 curvP=0.0 (1.3s) r=[0.3500x90 0.4475x141 0.9475x256]
step 1150: N=487 C=2 P=10.9263 W=0.0005 conv=True maxs=9.82e-05 proj=0.0e+00 aw=0.45630540663712865 curvP=0.0 (1.5s) r=[0.3500x90 0.4451x141 0.9463x256]
step 1175: N=487 C=2 P=10.9031 W=0.0005 conv=True maxs=9.86e-05 proj=0.0e+00 aw=0.45581218781234073 curvP=0.0 (1.5s) r=[0.3500x90 0.4426x141 0.9452x256]
step 1200: N=487 C=2 P=10.8789 W=0.0005 conv=True maxs=9.89e-05 proj=0.0e+00 aw=0.4552602325906189 curvP=0.0 (1.4s) r=[0.3500x90 0.4402x141 0.9440x256]
step 1225: N=487 C=2 P=10.8525 W=0.0005 conv=True maxs=9.93e-05 proj=0.0e+00 aw=0.45459863641379616 curvP=0.0 (1.4s) r=[0.3500x90 0.4377x141 0.9429x256]
step 1250: N=487 C=2 P=10.8228 W=0.0005 conv=True maxs=9.96e-05 proj=0.0e+00 aw=0.45375776918156435 curvP=0.0 (1.4s) r=[0.3500x90 0.4352x141 0.9417x256]
step 1275: N=487 C=2 P=10.7880 W=0.0005 conv=True maxs=9.99e-05 proj=0.0e+00 aw=0.45264997222785114 curvP=0.0 (1.4s) r=[0.3500x90 0.4327x141 0.9406x256]
step 1300: N=487 C=2 P=10.7461 W=0.0005 conv=True maxs=1.00e-04 proj=0.0e+00 aw=0.451171487496779 curvP=0.0 (1.4s) r=[0.3500x90 0.4302x141 0.9394x256]
step 1325: N=487 C=2 P=10.6952 W=0.0005 conv=True maxs=1.00e-04 proj=0.0e+00 aw=0.44920570512119223 curvP=0.0 (1.4s) r=[0.3500x90 0.4277x141 0.9383x256]
step 1350: N=487 C=2 P=10.6330 W=0.0004 conv=True maxs=1.00e-04 proj=0.0e+00 aw=0.44662779873861236 curvP=0.0 (1.4s) r=[0.3500x90 0.4252x141 0.9371x256]
step 1375: N=487 C=2 P=10.5575 W=0.0004 conv=True maxs=9.98e-05 proj=0.0e+00 aw=0.443310717158779 curvP=0.0 (1.3s) r=[0.3500x90 0.4227x141 0.9360x256]
step 1400: N=487 C=2 P=10.4669 W=0.0004 conv=True maxs=9.93e-05 proj=0.0e+00 aw=0.43913232218710374 curvP=0.0 (1.4s) r=[0.3500x90 0.4202x141 0.9349x256]
step 1425: N=487 C=2 P=10.3602 W=0.0004 conv=True maxs=9.86e-05 proj=0.0e+00 aw=0.43398322907142456 curvP=0.0 (1.4s) r=[0.3500x90 0.4177x141 0.9338x256]
step 1450: N=487 C=2 P=10.2365 W=0.0004 conv=True maxs=9.76e-05 proj=0.0e+00 aw=0.4277746678855669 curvP=0.0 (1.4s) r=[0.3500x90 0.4153x141 0.9327x256]
step 1475: N=487 C=2 P=10.0961 W=0.0004 conv=True maxs=9.63e-05 proj=0.0e+00 aw=0.42044551275629877 curvP=0.0 (1.4s) r=[0.3500x90 0.4129x141 0.9316x256]
step 1500: N=487 C=2 P=9.9400 W=0.0004 conv=True maxs=9.48e-05 proj=0.0e+00 aw=0.41196759444454223 curvP=0.0 (1.4s) r=[0.3500x90 0.4105x141 0.9305x256]
step 1525: N=487 C=2 P=9.7699 W=0.0004 conv=True maxs=9.30e-05 proj=0.0e+00 aw=0.4023485651190344 curvP=0.0 (1.4s) r=[0.3855x231 0.9295x256]
step 1550: N=487 C=2 P=9.5879 W=0.0004 conv=True maxs=9.10e-05 proj=0.0e+00 aw=0.3916319121551406 curvP=0.0 (1.4s) r=[0.3841x231 0.9285x256]
step 1575: N=487 C=2 P=9.3970 W=0.0003 conv=True maxs=8.87e-05 proj=0.0e+00 aw=0.3798941493216091 curvP=0.0 (1.4s) r=[0.3827x231 0.9275x256]
step 1600: N=487 C=2 P=9.2000 W=0.0003 conv=True maxs=8.64e-05 proj=0.0e+00 aw=0.36723963849751695 curvP=0.0 (1.4s) r=[0.3814x231 0.9266x256]
step 1625: N=487 C=2 P=8.9999 W=0.0003 conv=True maxs=8.39e-05 proj=0.0e+00 aw=0.3537938056141134 curvP=0.0 (1.5s) r=[0.3801x231 0.9256x256]
step 1650: N=487 C=2 P=8.7995 W=0.0003 conv=True maxs=8.13e-05 proj=0.0e+00 aw=0.33969564648334566 curvP=0.0 (1.4s) r=[0.3788x231 0.9248x256]
step 1675: N=487 C=2 P=8.6012 W=0.0003 conv=True maxs=7.86e-05 proj=0.0e+00 aw=0.3250903681600054 curvP=0.0 (1.4s) r=[0.3776x231 0.9239x256]
step 1700: N=487 C=2 P=8.4071 W=0.0002 conv=True maxs=7.60e-05 proj=0.0e+00 aw=0.3101228262679882 curvP=0.0 (1.4s) r=[0.3764x231 0.9231x256]
step 1725: N=487 C=2 P=8.2188 W=0.0002 conv=True maxs=7.34e-05 proj=0.0e+00 aw=0.2949321565186441 curvP=0.0 (1.3s) r=[0.3753x231 0.9223x256]
step 1750: N=487 C=2 P=8.0377 W=0.0002 conv=True maxs=7.08e-05 proj=0.0e+00 aw=0.2796477849704355 curvP=0.0 (1.0s) r=[0.3742x231 0.9215x256]
step 1775: N=487 C=2 P=7.8645 W=0.0002 conv=True maxs=6.83e-05 proj=0.0e+00 aw=0.2643868250095203 curvP=0.0 (1.0s) r=[0.3731x231 0.9208x256]
step 1800: N=487 C=2 P=7.6999 W=0.0002 conv=True maxs=6.59e-05 proj=0.0e+00 aw=0.24925267548328361 curvP=0.0 (1.0s) r=[0.3721x231 0.9201x256]
step 1825: N=487 C=2 P=7.5441 W=0.0002 conv=True maxs=6.36e-05 proj=0.0e+00 aw=0.23433458803837662 curvP=0.0 (1.0s) r=[0.3711x231 0.9194x256]
== EVENT contact layer entered (gap <= 2 h_wall) at step 1830 ==
step 1850: N=487 C=2 P=7.3972 W=0.0002 conv=True maxs=6.14e-05 proj=0.0e+00 aw=0.21970796155903896 curvP=0.0 (1.0s) r=[0.3702x231 0.9187x256]
step 1875: N=487 C=2 P=7.2591 W=0.0001 conv=True maxs=5.93e-05 proj=0.0e+00 aw=0.205435138911155 curvP=0.0 (1.0s) r=[0.3692x231 0.9181x256]
step 1900: N=487 C=2 P=7.1297 W=0.0001 conv=True maxs=5.73e-05 proj=0.0e+00 aw=0.19156651580044776 curvP=0.0 (1.0s) r=[0.3683x231 0.9175x256]
step 1925: N=487 C=2 P=7.0086 W=0.0001 conv=True maxs=5.54e-05 proj=0.0e+00 aw=0.17814181205467372 curvP=0.0 (1.0s) r=[0.3675x231 0.9169x256]
step 1950: N=487 C=2 P=6.8954 W=0.0001 conv=True maxs=5.36e-05 proj=0.0e+00 aw=0.1651913947606382 curvP=0.0 (1.0s) r=[0.3667x231 0.9164x256]
step 1975: N=487 C=2 P=6.7898 W=0.0001 conv=True maxs=5.20e-05 proj=0.0e+00 aw=0.15273757664157311 curvP=0.0 (1.0s) r=[0.3658x231 0.9158x256]
step 2000: N=487 C=2 P=6.6914 W=0.0001 conv=True maxs=5.04e-05 proj=0.0e+00 aw=0.14079584043646343 curvP=0.0 (1.0s) r=[0.3651x231 0.9153x256]
step 2025: N=487 C=2 P=6.5998 W=0.0001 conv=True maxs=4.89e-05 proj=0.0e+00 aw=0.1293759610041215 curvP=0.0 (1.0s) r=[0.3643x231 0.9148x256]
== QUOTIENT COMMITTED at step 2047: raw bulks (0, 1) (loops (0, 2)) ==
== EVENT quotient switch committed at step 2047 (bulks (0, 1)) ==
== support merged (C 2 -> 1) at step 2047, t = 0.02048 (exact T_c 0.02035) ==
== EVENT GhostCompressionEligibilityEvent (t_comp-entry) at step 2049: min-gap floor reached ==
== 0F stop at step 2049: GhostCompressionEligibilityEvent: min-gap floor (representation_event, t_comp-entry) ==
== Comp-4 atomic transaction at event step 2049 ==
== EVENT t_comp: ghost compression COMMITTED at step 2049 (N 487 -> 256, c* 0.99022742, transfer 0.3983 h_wall) ==
step 2050: N=256 C=1 P=5.6844 W=0.0000 conv=False maxs=0.00e+00 proj=0.0e+00 aw=None curvP=None (4.1s) r=[0.9054x256]
step 2075: N=256 C=1 P=5.6844 W=0.0000 conv=False maxs=0.00e+00 proj=0.0e+00 aw=None curvP=None (0.6s) r=[0.9054x256]
step 2100: N=256 C=1 P=5.6844 W=0.0000 conv=False maxs=0.00e+00 proj=0.0e+00 aw=None curvP=None (0.6s) r=[0.9054x256]
step 2125: N=256 C=1 P=5.6844 W=0.0000 conv=False maxs=0.00e+00 proj=0.0e+00 aw=None curvP=None (0.6s) r=[0.9054x256]
step 2150: N=256 C=1 P=5.6844 W=0.0000 conv=False maxs=0.00e+00 proj=0.0e+00 aw=None curvP=None (0.6s) r=[0.9054x256]
step 2175: N=256 C=1 P=5.6844 W=0.0000 conv=False maxs=0.00e+00 proj=0.0e+00 aw=None curvP=None (0.6s) r=[0.9054x256]
step 2200: N=256 C=1 P=5.6844 W=0.0000 conv=False maxs=0.00e+00 proj=0.0e+00 aw=None curvP=None (0.6s) r=[0.9054x256]
step 2225: N=256 C=1 P=5.6844 W=0.0000 conv=False maxs=0.00e+00 proj=0.0e+00 aw=None curvP=None (0.6s) r=[0.9054x256]
step 2250: N=256 C=1 P=5.6844 W=0.0000 conv=False maxs=0.00e+00 proj=0.0e+00 aw=None curvP=None (0.6s) r=[0.9054x256]
step 2275: N=256 C=1 P=5.6844 W=0.0000 conv=False maxs=0.00e+00 proj=0.0e+00 aw=None curvP=None (0.6s) r=[0.9054x256]
step 2300: N=256 C=1 P=5.6844 W=0.0000 conv=False maxs=0.00e+00 proj=0.0e+00 aw=None curvP=None (0.6s) r=[0.9054x256]
step 2325: N=256 C=1 P=5.6844 W=0.0000 conv=False maxs=0.00e+00 proj=0.0e+00 aw=None curvP=None (0.6s) r=[0.9054x256]
step 2350: N=256 C=1 P=5.6844 W=0.0000 conv=False maxs=0.00e+00 proj=0.0e+00 aw=None curvP=None (0.6s) r=[0.9054x256]
step 2375: N=256 C=1 P=5.6844 W=0.0000 conv=False maxs=0.00e+00 proj=0.0e+00 aw=None curvP=None (0.6s) r=[0.9054x256]

completed 2400/2400 steps in 0.84 h; merged_at=2047 err=None
wrote results/exact_merger/exact_merger_bie.json
